// Jest Snapshot v1, https://goo.gl/fbAQLP

exports[`MDX rendering renders a paragraph with the appropriate styling 1`] = `"<p class=\\"MuiTypography-root MuiTypography-body1 MuiTypography-paragraph\\">&quot;But do you believe,&quot; said Candide, &quot;that the earth was originally a sea, as we find it asserted in that large book belonging to the captain?&quot;</p><p class=\\"MuiTypography-root MuiTypography-body1 MuiTypography-paragraph\\">&quot;I do not believe a word of it,&quot; said Martin, &quot;any more than I do of the many ravings which have been published lately.&quot;</p><p class=\\"MuiTypography-root MuiTypography-body1 MuiTypography-paragraph\\">&quot;But for what end, then, has this world been formed?&quot; said Candide.</p><p class=\\"MuiTypography-root MuiTypography-body1 MuiTypography-paragraph\\">&quot;To plague us to death,&quot; answered Martin.</p>"`;

exports[`MDX rendering renders lists with the appropriate styling 1`] = `"<p class=\\"MuiTypography-root MuiTypography-body1 MuiTypography-paragraph\\">In 2017, Jen I and I traveled to:</p><ol class=\\"MuiBox-root MuiBox-root-7\\" style=\\"padding-inline-start:0\\"><li class=\\"MuiBox-root MuiBox-root-8\\"><svg class=\\"MuiSvgIcon-root MuiSvgIcon-colorSecondary\\" focusable=\\"false\\" viewBox=\\"0 0 24 24\\" aria-hidden=\\"true\\"><path d=\\"M10 6L8.59 7.41 13.17 12l-4.58 4.59L10 18l6-6z\\"></path></svg>New Zealand</li><li class=\\"MuiBox-root MuiBox-root-9\\"><svg class=\\"MuiSvgIcon-root MuiSvgIcon-colorSecondary\\" focusable=\\"false\\" viewBox=\\"0 0 24 24\\" aria-hidden=\\"true\\"><path d=\\"M10 6L8.59 7.41 13.17 12l-4.58 4.59L10 18l6-6z\\"></path></svg>Australia</li><li class=\\"MuiBox-root MuiBox-root-10\\"><svg class=\\"MuiSvgIcon-root MuiSvgIcon-colorSecondary\\" focusable=\\"false\\" viewBox=\\"0 0 24 24\\" aria-hidden=\\"true\\"><path d=\\"M10 6L8.59 7.41 13.17 12l-4.58 4.59L10 18l6-6z\\"></path></svg>Indonesia</li><li class=\\"MuiBox-root MuiBox-root-11\\"><svg class=\\"MuiSvgIcon-root MuiSvgIcon-colorSecondary\\" focusable=\\"false\\" viewBox=\\"0 0 24 24\\" aria-hidden=\\"true\\"><path d=\\"M10 6L8.59 7.41 13.17 12l-4.58 4.59L10 18l6-6z\\"></path></svg>Taiwan</li><li class=\\"MuiBox-root MuiBox-root-12\\"><svg class=\\"MuiSvgIcon-root MuiSvgIcon-colorSecondary\\" focusable=\\"false\\" viewBox=\\"0 0 24 24\\" aria-hidden=\\"true\\"><path d=\\"M10 6L8.59 7.41 13.17 12l-4.58 4.59L10 18l6-6z\\"></path></svg>Malaysia</li><li class=\\"MuiBox-root MuiBox-root-13\\"><svg class=\\"MuiSvgIcon-root MuiSvgIcon-colorSecondary\\" focusable=\\"false\\" viewBox=\\"0 0 24 24\\" aria-hidden=\\"true\\"><path d=\\"M10 6L8.59 7.41 13.17 12l-4.58 4.59L10 18l6-6z\\"></path></svg>Thailand</li><li class=\\"MuiBox-root MuiBox-root-14\\"><svg class=\\"MuiSvgIcon-root MuiSvgIcon-colorSecondary\\" focusable=\\"false\\" viewBox=\\"0 0 24 24\\" aria-hidden=\\"true\\"><path d=\\"M10 6L8.59 7.41 13.17 12l-4.58 4.59L10 18l6-6z\\"></path></svg>India</li><li class=\\"MuiBox-root MuiBox-root-15\\"><svg class=\\"MuiSvgIcon-root MuiSvgIcon-colorSecondary\\" focusable=\\"false\\" viewBox=\\"0 0 24 24\\" aria-hidden=\\"true\\"><path d=\\"M10 6L8.59 7.41 13.17 12l-4.58 4.59L10 18l6-6z\\"></path></svg>Singapore</li><li class=\\"MuiBox-root MuiBox-root-16\\"><svg class=\\"MuiSvgIcon-root MuiSvgIcon-colorSecondary\\" focusable=\\"false\\" viewBox=\\"0 0 24 24\\" aria-hidden=\\"true\\"><path d=\\"M10 6L8.59 7.41 13.17 12l-4.58 4.59L10 18l6-6z\\"></path></svg>UAE</li><li class=\\"MuiBox-root MuiBox-root-17\\"><svg class=\\"MuiSvgIcon-root MuiSvgIcon-colorSecondary\\" focusable=\\"false\\" viewBox=\\"0 0 24 24\\" aria-hidden=\\"true\\"><path d=\\"M10 6L8.59 7.41 13.17 12l-4.58 4.59L10 18l6-6z\\"></path></svg>Egypt</li><li class=\\"MuiBox-root MuiBox-root-18\\"><svg class=\\"MuiSvgIcon-root MuiSvgIcon-colorSecondary\\" focusable=\\"false\\" viewBox=\\"0 0 24 24\\" aria-hidden=\\"true\\"><path d=\\"M10 6L8.59 7.41 13.17 12l-4.58 4.59L10 18l6-6z\\"></path></svg>Morocco</li><li class=\\"MuiBox-root MuiBox-root-19\\"><svg class=\\"MuiSvgIcon-root MuiSvgIcon-colorSecondary\\" focusable=\\"false\\" viewBox=\\"0 0 24 24\\" aria-hidden=\\"true\\"><path d=\\"M10 6L8.59 7.41 13.17 12l-4.58 4.59L10 18l6-6z\\"></path></svg>Spain</li></ol><p class=\\"MuiTypography-root MuiTypography-body1 MuiTypography-paragraph\\">We brought with us:</p><ul class=\\"MuiBox-root MuiBox-root-20\\" style=\\"padding-inline-start:0\\"><li class=\\"MuiBox-root MuiBox-root-21\\"><svg class=\\"MuiSvgIcon-root MuiSvgIcon-colorSecondary\\" focusable=\\"false\\" viewBox=\\"0 0 24 24\\" aria-hidden=\\"true\\"><path d=\\"M10 6L8.59 7.41 13.17 12l-4.58 4.59L10 18l6-6z\\"></path></svg>Backpacks</li><li class=\\"MuiBox-root MuiBox-root-22\\"><svg class=\\"MuiSvgIcon-root MuiSvgIcon-colorSecondary\\" focusable=\\"false\\" viewBox=\\"0 0 24 24\\" aria-hidden=\\"true\\"><path d=\\"M10 6L8.59 7.41 13.17 12l-4.58 4.59L10 18l6-6z\\"></path></svg>Love</li><li class=\\"MuiBox-root MuiBox-root-23\\"><svg class=\\"MuiSvgIcon-root MuiSvgIcon-colorSecondary\\" focusable=\\"false\\" viewBox=\\"0 0 24 24\\" aria-hidden=\\"true\\"><path d=\\"M10 6L8.59 7.41 13.17 12l-4.58 4.59L10 18l6-6z\\"></path></svg>Mini Bose speaker</li><li class=\\"MuiBox-root MuiBox-root-24\\"><svg class=\\"MuiSvgIcon-root MuiSvgIcon-colorSecondary\\" focusable=\\"false\\" viewBox=\\"0 0 24 24\\" aria-hidden=\\"true\\"><path d=\\"M10 6L8.59 7.41 13.17 12l-4.58 4.59L10 18l6-6z\\"></path></svg>Warm weather clothes, which wasn&#x27;t right for the Himalayas</li></ul>"`;
